// Vitest Snapshot v1

exports[`Components > Footer > renders correctly 1`] = `
<div>
  <footer
    class="pt-4 pb-4"
    data-v-53855059=""
  >
    <div
      class="container"
      data-v-53855059=""
    >
      <div
        class="row"
        data-v-53855059=""
      >
        <small
          class="col text-muted"
          data-hj-whitelist=""
          data-v-53855059=""
        >
           TimedReport!™ — next 
        </small>
        <small
          class="col text-right text-muted"
          data-v-53855059=""
        >
           Vinícius Hoyer 
        </small>
      </div>
    </div>
  </footer>
</div>
`;
